<?xml version="1.0" encoding="UTF-8"?>
<TestRun id="8f87e833-2580-463a-9bb8-99ba73d7b8b3" name="usuario@HP 2014-07-15 19:29:47" runUser="HP\usuario" xmlns="http://microsoft.com/schemas/VisualStudio/TeamTest/2010">
  <TestSettings name="Local" id="0fda92f3-4914-4cb8-8df3-31deca771d1f">
    <Description>These are default test settings for a local test run.</Description>
    <Deployment enabled="false" runDeploymentRoot="usuario_HP 2014-07-15 19_29_47" />
    <Execution>
      <TestTypeSpecific />
      <AgentRule name="Execution Agents">
      </AgentRule>
    </Execution>
  </TestSettings>
  <Times creation="2014-07-15T19:29:47.3592033-05:00" queuing="2014-07-15T19:29:47.3872231-05:00" start="2014-07-15T19:29:47.3922245-05:00" finish="2014-07-15T19:29:48.6997339-05:00" />
  <ResultSummary outcome="Completed">
    <Counters total="1" executed="1" passed="1" error="0" failed="0" timeout="0" aborted="0" inconclusive="0" passedButRunAborted="0" notRunnable="0" notExecuted="0" disconnected="0" warning="0" completed="0" inProgress="0" pending="0" />
  </ResultSummary>
  <TestDefinitions>
    <UnitTest name="obtenerInstitucionRazon" storage="r:\upc\distribuidos\proyecto\proyecto\zoologico\bin\debug\zoologico.dll" id="1e890cb5-ac80-e9ad-05cf-c701e2ea8526">
      <Execution id="fdb099f9-5abe-4119-b0f4-37151a67feb6" />
      <TestMethod codeBase="R:/UPC/Distribuidos/Proyecto/Proyecto/Zoologico/bin/Debug/Zoologico.DLL" adapterTypeName="Microsoft.VisualStudio.TestTools.TestTypes.Unit.UnitTestAdapter, Microsoft.VisualStudio.QualityTools.Tips.UnitTest.Adapter, Version=10.0.0.0, Culture=neutral, PublicKeyToken=b03f5f7f11d50a3a" className="Zoologico.UnitTest1, Zoologico, Version=1.0.0.0, Culture=neutral, PublicKeyToken=null" name="obtenerInstitucionRazon" />
    </UnitTest>
  </TestDefinitions>
  <TestLists>
    <TestList name="Results Not in a List" id="8c84fa94-04c1-424b-9868-57a2d4851a1d" />
    <TestList name="All Loaded Results" id="19431567-8539-422a-85d7-44ee4e166bda" />
  </TestLists>
  <TestEntries>
    <TestEntry testId="1e890cb5-ac80-e9ad-05cf-c701e2ea8526" executionId="fdb099f9-5abe-4119-b0f4-37151a67feb6" testListId="8c84fa94-04c1-424b-9868-57a2d4851a1d" />
  </TestEntries>
  <Results>
    <UnitTestResult executionId="fdb099f9-5abe-4119-b0f4-37151a67feb6" testId="1e890cb5-ac80-e9ad-05cf-c701e2ea8526" testName="obtenerInstitucionRazon" computerName="HP" duration="00:00:01.0611048" startTime="2014-07-15T19:29:47.4082347-05:00" endTime="2014-07-15T19:29:48.6867277-05:00" testType="13cdc9d9-ddb5-4fa4-a97d-d965ccfc6d4b" outcome="Passed" testListId="8c84fa94-04c1-424b-9868-57a2d4851a1d" relativeResultsDirectory="fdb099f9-5abe-4119-b0f4-37151a67feb6">
    </UnitTestResult>
  </Results>
</TestRun>